// Jest Snapshot v1, https://goo.gl/fbAQLP

exports[`Login component should match its own snapshot 1`] = `null`;
